// Jest Snapshot v1, https://goo.gl/fbAQLP

exports[`"Hello World!" packs, unpacks and repacks as expected 1`] = `
{
  "data": [
    72,
    101,
    108,
    108,
    111,
    32,
    87,
    111,
    114,
    108,
    100,
    33,
    12,
    211,
    13,
  ],
  "type": "Buffer",
}
`;

exports[`"The Little Quick Brown Fox Jumps Over The Lazy Dog." packs, unpacks and repacks as expected 1`] = `
{
  "data": [
    84,
    104,
    101,
    32,
    76,
    105,
    116,
    116,
    108,
    101,
    32,
    81,
    117,
    105,
    99,
    107,
    32,
    66,
    114,
    111,
    119,
    110,
    32,
    70,
    111,
    120,
    32,
    74,
    117,
    109,
    112,
    115,
    32,
    79,
    118,
    101,
    114,
    32,
    84,
    104,
    101,
    32,
    76,
    97,
    122,
    121,
    32,
    68,
    111,
    103,
    46,
    135,
    143,
    13,
  ],
  "type": "Buffer",
}
`;
